f:\users\gareth\documents\senmag\openforce\senmag desktop\senmagdesktop\senmagdesktop\x64\debug\vc143.pdb
f:\users\gareth\documents\senmag\openforce\senmag desktop\senmagdesktop\senmagdesktop\x64\debug\vc143.idb
f:\users\gareth\documents\senmag\openforce\senmag desktop\senmagdesktop\senmagdesktop\x64\debug\serialcomms.obj
f:\users\gareth\documents\senmag\openforce\senmag desktop\senmagdesktop\senmagdesktop\x64\debug\senmagconnect.obj
f:\users\gareth\documents\senmag\openforce\senmag desktop\senmagdesktop\senmagdesktop\x64\debug\devicemanager.obj
f:\users\gareth\documents\senmag\openforce\senmag desktop\senmagdesktop\senmagdesktop\x64\debug\ffuidesktop_object.obj
f:\users\gareth\documents\senmag\openforce\senmag desktop\senmagdesktop\senmagdesktop\x64\debug\ffuidesktop.obj
f:\users\gareth\documents\senmag\openforce\senmag desktop\senmagdesktop\senmagdesktop\x64\debug\main.obj
f:\users\gareth\documents\senmag\openforce\senmag desktop\senmagdesktop\senmagdesktop\x64\debug\solidplane.obj
f:\users\gareth\documents\senmag\openforce\senmag desktop\senmagdesktop\senmagdesktop\x64\debug\hapticvibration.obj
f:\users\gareth\documents\senmag\openforce\senmag desktop\senmagdesktop\x64\debug\ffuidesktop.exe
f:\users\gareth\documents\senmag\openforce\senmag desktop\senmagdesktop\x64\debug\ffuidesktop.pdb
f:\users\gareth\documents\senmag\openforce\senmag desktop\senmagdesktop\senmagdesktop\x64\debug\ffuidesktop.ilk
f:\users\gareth\documents\senmag\openforce\senmag desktop\senmagdesktop\senmagdesktop\x64\debug\ffuidesktop.tlog\cl.command.1.tlog
f:\users\gareth\documents\senmag\openforce\senmag desktop\senmagdesktop\senmagdesktop\x64\debug\ffuidesktop.tlog\cl.items.tlog
f:\users\gareth\documents\senmag\openforce\senmag desktop\senmagdesktop\senmagdesktop\x64\debug\ffuidesktop.tlog\cl.read.1.tlog
f:\users\gareth\documents\senmag\openforce\senmag desktop\senmagdesktop\senmagdesktop\x64\debug\ffuidesktop.tlog\cl.write.1.tlog
f:\users\gareth\documents\senmag\openforce\senmag desktop\senmagdesktop\senmagdesktop\x64\debug\ffuidesktop.tlog\link.command.1.tlog
f:\users\gareth\documents\senmag\openforce\senmag desktop\senmagdesktop\senmagdesktop\x64\debug\ffuidesktop.tlog\link.read.1.tlog
f:\users\gareth\documents\senmag\openforce\senmag desktop\senmagdesktop\senmagdesktop\x64\debug\ffuidesktop.tlog\link.secondary.1.tlog
f:\users\gareth\documents\senmag\openforce\senmag desktop\senmagdesktop\senmagdesktop\x64\debug\ffuidesktop.tlog\link.write.1.tlog
